

================================================================
== Vitis HLS Report for 'cordiccart2pol'
================================================================
* Date:           Fri Aug 12 15:05:47 2022

* Version:        2021.1 (Build 3247384 on Thu Jun 10 19:36:33 MDT 2021)
* Project:        cordiccart2pol_hls_prj
* Solution:       solution1 (Vivado IP Flow Target)
* Product family: zynq
* Target device:  xc7z020-clg484-1


================================================================
== Performance Estimates
================================================================
+ Timing: 
    * Summary: 
    +--------+----------+----------+------------+
    |  Clock |  Target  | Estimated| Uncertainty|
    +--------+----------+----------+------------+
    |ap_clk  |  10.00 ns|  8.209 ns|     2.70 ns|
    +--------+----------+----------+------------+

+ Latency: 
    * Summary: 
    +---------+---------+----------+----------+-----+-----+---------+
    |  Latency (cycles) |  Latency (absolute) |  Interval | Pipeline|
    |   min   |   max   |    min   |    max   | min | max |   Type  |
    +---------+---------+----------+----------+-----+-----+---------+
    |       88|       88|  0.880 us|  0.880 us|   89|   89|       no|
    +---------+---------+----------+----------+-----+-----+---------+

    + Detail: 
        * Instance: 
        N/A

        * Loop: 
        N/A



================================================================
== Utilization Estimates
================================================================
* Summary: 
+-----------------+---------+-----+--------+-------+-----+
|       Name      | BRAM_18K| DSP |   FF   |  LUT  | URAM|
+-----------------+---------+-----+--------+-------+-----+
|DSP              |        -|    -|       -|      -|    -|
|Expression       |        -|    -|       0|   8577|    -|
|FIFO             |        -|    -|       -|      -|    -|
|Instance         |        0|   13|     735|   1272|    -|
|Memory           |        -|    -|       -|      -|    -|
|Multiplexer      |        -|    -|       -|    582|    -|
|Register         |        -|    -|    2688|      -|    -|
+-----------------+---------+-----+--------+-------+-----+
|Total            |        0|   13|    3423|  10431|    0|
+-----------------+---------+-----+--------+-------+-----+
|Available        |      280|  220|  106400|  53200|    0|
+-----------------+---------+-----+--------+-------+-----+
|Utilization (%)  |        0|    5|       3|     19|    0|
+-----------------+---------+-----+--------+-------+-----+

+ Detail: 
    * Instance: 
    +-----------------------------------+--------------------------------+---------+----+-----+-----+-----+
    |              Instance             |             Module             | BRAM_18K| DSP|  FF | LUT | URAM|
    +-----------------------------------+--------------------------------+---------+----+-----+-----+-----+
    |CTRL_s_axi_U                       |CTRL_s_axi                      |        0|   0|  188|  296|    0|
    |dmul_64ns_64ns_64_7_max_dsp_1_U6   |dmul_64ns_64ns_64_7_max_dsp_1   |        0|  11|  342|  586|    0|
    |fadd_32ns_32ns_32_5_full_dsp_1_U1  |fadd_32ns_32ns_32_5_full_dsp_1  |        0|   2|  205|  390|    0|
    |fcmp_32ns_32ns_1_2_no_dsp_1_U5     |fcmp_32ns_32ns_1_2_no_dsp_1     |        0|   0|    0|    0|    0|
    |fpext_32ns_64_2_no_dsp_1_U3        |fpext_32ns_64_2_no_dsp_1        |        0|   0|    0|    0|    0|
    |fpext_32ns_64_2_no_dsp_1_U4        |fpext_32ns_64_2_no_dsp_1        |        0|   0|    0|    0|    0|
    |fptrunc_64ns_32_2_no_dsp_1_U2      |fptrunc_64ns_32_2_no_dsp_1      |        0|   0|    0|    0|    0|
    +-----------------------------------+--------------------------------+---------+----+-----+-----+-----+
    |Total                              |                                |        0|  13|  735| 1272|    0|
    +-----------------------------------+--------------------------------+---------+----+-----+-----+-----+

    * DSP: 
    N/A

    * Memory: 
    N/A

    * FIFO: 
    N/A

    * Expression: 
    +-----------------------------+----------+----+---+-----+------------+------------+
    |        Variable Name        | Operation| DSP| FF| LUT | Bitwidth P0| Bitwidth P1|
    +-----------------------------+----------+----+---+-----+------------+------------+
    |add_ln1011_fu_2707_p2        |         +|   0|  0|   39|          32|           6|
    |add_ln1017_fu_2786_p2        |         +|   0|  0|    8|           8|           8|
    |add_ln590_1_fu_943_p2        |         +|   0|  0|   12|          12|           6|
    |add_ln590_2_fu_604_p2        |         +|   0|  0|   12|          12|           6|
    |add_ln590_3_fu_1069_p2       |         +|   0|  0|   12|          12|           6|
    |add_ln590_fu_479_p2          |         +|   0|  0|   12|          12|           6|
    |current_x_V_14_fu_1538_p2    |         +|   0|  0|   39|          32|          32|
    |current_x_V_17_fu_1609_p2    |         +|   0|  0|   39|          32|          32|
    |current_x_V_20_fu_1679_p2    |         +|   0|  0|   39|          32|          32|
    |current_x_V_23_fu_1750_p2    |         +|   0|  0|   39|          32|          32|
    |current_x_V_26_fu_1820_p2    |         +|   0|  0|   39|          32|          32|
    |current_x_V_29_fu_1891_p2    |         +|   0|  0|   39|          32|          32|
    |current_x_V_32_fu_1961_p2    |         +|   0|  0|   39|          32|          32|
    |current_x_V_35_fu_2039_p2    |         +|   0|  0|   39|          32|          32|
    |current_x_V_38_fu_2109_p2    |         +|   0|  0|   39|          32|          32|
    |current_x_V_41_fu_2180_p2    |         +|   0|  0|   39|          32|          32|
    |current_x_V_44_fu_2250_p2    |         +|   0|  0|   39|          32|          32|
    |current_x_V_47_fu_2321_p2    |         +|   0|  0|   39|          32|          32|
    |current_x_V_50_fu_2391_p2    |         +|   0|  0|   39|          32|          32|
    |current_x_V_53_fu_2462_p2    |         +|   0|  0|   39|          32|          32|
    |current_x_V_56_fu_2518_p2    |         +|   0|  0|   39|          32|          32|
    |current_x_V_60_fu_1478_p2    |         +|   0|  0|   39|          32|          32|
    |current_y_V_11_fu_1697_p2    |         +|   0|  0|   39|          32|          32|
    |current_y_V_14_fu_1765_p2    |         +|   0|  0|   39|          32|          32|
    |current_y_V_17_fu_1838_p2    |         +|   0|  0|   39|          32|          32|
    |current_y_V_20_fu_1906_p2    |         +|   0|  0|   39|          32|          32|
    |current_y_V_23_fu_1979_p2    |         +|   0|  0|   39|          32|          32|
    |current_y_V_26_fu_2054_p2    |         +|   0|  0|   39|          32|          32|
    |current_y_V_29_fu_2127_p2    |         +|   0|  0|   39|          32|          32|
    |current_y_V_32_fu_2195_p2    |         +|   0|  0|   39|          32|          32|
    |current_y_V_35_fu_2268_p2    |         +|   0|  0|   39|          32|          32|
    |current_y_V_38_fu_2336_p2    |         +|   0|  0|   39|          32|          32|
    |current_y_V_41_fu_2409_p2    |         +|   0|  0|   39|          32|          32|
    |current_y_V_44_fu_2477_p2    |         +|   0|  0|   39|          32|          32|
    |current_y_V_5_fu_1556_p2     |         +|   0|  0|   39|          32|          32|
    |current_y_V_8_fu_1624_p2     |         +|   0|  0|   39|          32|          32|
    |lsb_index_fu_2592_p2         |         +|   0|  0|   39|          32|           6|
    |m_3_fu_2747_p2               |         +|   0|  0|   71|          64|          64|
    |F2_1_fu_931_p2               |         -|   0|  0|   12|          11|          12|
    |F2_2_fu_592_p2               |         -|   0|  0|   12|          11|          12|
    |F2_3_fu_1057_p2              |         -|   0|  0|   12|          11|          12|
    |F2_fu_467_p2                 |         -|   0|  0|   12|          11|          12|
    |current_x_V_12_fu_1486_p2    |         -|   0|  0|   39|          32|          32|
    |current_x_V_15_fu_1550_p2    |         -|   0|  0|   39|          32|          32|
    |current_x_V_18_fu_1619_p2    |         -|   0|  0|   39|          32|          32|
    |current_x_V_21_fu_1691_p2    |         -|   0|  0|   39|          32|          32|
    |current_x_V_24_fu_1760_p2    |         -|   0|  0|   39|          32|          32|
    |current_x_V_27_fu_1832_p2    |         -|   0|  0|   39|          32|          32|
    |current_x_V_30_fu_1901_p2    |         -|   0|  0|   39|          32|          32|
    |current_x_V_33_fu_1973_p2    |         -|   0|  0|   39|          32|          32|
    |current_x_V_36_fu_2049_p2    |         -|   0|  0|   39|          32|          32|
    |current_x_V_39_fu_2121_p2    |         -|   0|  0|   39|          32|          32|
    |current_x_V_42_fu_2190_p2    |         -|   0|  0|   39|          32|          32|
    |current_x_V_45_fu_2262_p2    |         -|   0|  0|   39|          32|          32|
    |current_x_V_48_fu_2331_p2    |         -|   0|  0|   39|          32|          32|
    |current_x_V_51_fu_2403_p2    |         -|   0|  0|   39|          32|          32|
    |current_x_V_54_fu_2472_p2    |         -|   0|  0|   39|          32|          32|
    |current_x_V_57_fu_2524_p2    |         -|   0|  0|   39|          32|          32|
    |current_y_V_10_fu_1685_p2    |         -|   0|  0|   39|          32|          32|
    |current_y_V_13_fu_1755_p2    |         -|   0|  0|   39|          32|          32|
    |current_y_V_16_fu_1826_p2    |         -|   0|  0|   39|          32|          32|
    |current_y_V_19_fu_1896_p2    |         -|   0|  0|   39|          32|          32|
    |current_y_V_22_fu_1967_p2    |         -|   0|  0|   39|          32|          32|
    |current_y_V_25_fu_2044_p2    |         -|   0|  0|   39|          32|          32|
    |current_y_V_28_fu_2115_p2    |         -|   0|  0|   39|          32|          32|
    |current_y_V_31_fu_2185_p2    |         -|   0|  0|   39|          32|          32|
    |current_y_V_34_fu_2256_p2    |         -|   0|  0|   39|          32|          32|
    |current_y_V_37_fu_2326_p2    |         -|   0|  0|   39|          32|          32|
    |current_y_V_40_fu_2397_p2    |         -|   0|  0|   39|          32|          32|
    |current_y_V_43_fu_2467_p2    |         -|   0|  0|   39|          32|          32|
    |current_y_V_4_fu_1544_p2     |         -|   0|  0|   39|          32|          32|
    |current_y_V_7_fu_1614_p2     |         -|   0|  0|   39|          32|          32|
    |current_y_V_fu_1482_p2       |         -|   0|  0|   39|          32|          32|
    |man_V_10_fu_1044_p2          |         -|   0|  0|   61|           1|          54|
    |man_V_1_fu_443_p2            |         -|   0|  0|   61|           1|          54|
    |man_V_4_fu_918_p2            |         -|   0|  0|   61|           1|          54|
    |man_V_7_fu_579_p2            |         -|   0|  0|   61|           1|          54|
    |sub_ln1000_fu_2629_p2        |         -|   0|  0|   14|           4|           6|
    |sub_ln1012_fu_2722_p2        |         -|   0|  0|   39|           5|          32|
    |sub_ln1017_fu_2781_p2        |         -|   0|  0|    8|           2|           8|
    |sub_ln590_1_fu_949_p2        |         -|   0|  0|   12|           5|          12|
    |sub_ln590_2_fu_610_p2        |         -|   0|  0|   12|           5|          12|
    |sub_ln590_3_fu_1075_p2       |         -|   0|  0|   12|           5|          12|
    |sub_ln590_fu_485_p2          |         -|   0|  0|   12|           5|          12|
    |sub_ln997_fu_2586_p2         |         -|   0|  0|   39|           6|          32|
    |tmp_V_fu_2546_p2             |         -|   0|  0|   39|           1|          32|
    |and_ln1002_1_fu_2691_p2      |       and|   0|  0|    2|           1|           1|
    |and_ln1002_fu_2655_p2        |       and|   0|  0|   32|          32|          32|
    |and_ln580_1_fu_666_p2        |       and|   0|  0|    2|           1|           1|
    |and_ln580_2_fu_1137_p2       |       and|   0|  0|    2|           1|           1|
    |and_ln580_3_fu_868_p2        |       and|   0|  0|    2|           1|           1|
    |and_ln580_fu_656_p2          |       and|   0|  0|    2|           1|           1|
    |and_ln590_1_fu_702_p2        |       and|   0|  0|    2|           1|           1|
    |and_ln590_fu_690_p2          |       and|   0|  0|    2|           1|           1|
    |and_ln591_1_fu_1242_p2       |       and|   0|  0|    2|           1|           1|
    |and_ln591_2_fu_672_p2        |       and|   0|  0|    2|           1|           1|
    |and_ln591_3_fu_684_p2        |       and|   0|  0|    2|           1|           1|
    |and_ln591_4_fu_1152_p2       |       and|   0|  0|    2|           1|           1|
    |and_ln591_fu_546_p2          |       and|   0|  0|    2|           1|           1|
    |and_ln594_1_fu_1011_p2       |       and|   0|  0|    2|           1|           1|
    |and_ln594_2_fu_1316_p2       |       and|   0|  0|    2|           1|           1|
    |and_ln594_3_fu_1321_p2       |       and|   0|  0|    2|           1|           1|
    |and_ln594_4_fu_849_p2        |       and|   0|  0|    2|           1|           1|
    |and_ln594_5_fu_858_p2        |       and|   0|  0|    2|           1|           1|
    |and_ln594_6_fu_1170_p2       |       and|   0|  0|    2|           1|           1|
    |and_ln594_7_fu_1176_p2       |       and|   0|  0|    2|           1|           1|
    |and_ln594_fu_1006_p2         |       and|   0|  0|    2|           1|           1|
    |and_ln59_fu_424_p2           |       and|   0|  0|    2|           1|           1|
    |ashr_ln595_1_fu_1302_p2      |      ashr|   0|  0|  161|          54|          54|
    |ashr_ln595_2_fu_818_p2       |      ashr|   0|  0|  161|          54|          54|
    |ashr_ln595_3_fu_1278_p2      |      ashr|   0|  0|  161|          54|          54|
    |ashr_ln595_fu_992_p2         |      ashr|   0|  0|  161|          54|          54|
    |icmp_ln1002_fu_2660_p2       |      icmp|   0|  0|   18|          32|           1|
    |icmp_ln1011_fu_2679_p2       |      icmp|   0|  0|   18|          32|           1|
    |icmp_ln1547_10_fu_2175_p2    |      icmp|   0|  0|   18|          32|           1|
    |icmp_ln1547_11_fu_2244_p2    |      icmp|   0|  0|   18|          32|           1|
    |icmp_ln1547_12_fu_2316_p2    |      icmp|   0|  0|   18|          32|           1|
    |icmp_ln1547_13_fu_2385_p2    |      icmp|   0|  0|   18|          32|           1|
    |icmp_ln1547_14_fu_2457_p2    |      icmp|   0|  0|   18|          32|           1|
    |icmp_ln1547_15_fu_2512_p2    |      icmp|   0|  0|   18|          32|           1|
    |icmp_ln1547_1_fu_1532_p2     |      icmp|   0|  0|   18|          32|           1|
    |icmp_ln1547_2_fu_1604_p2     |      icmp|   0|  0|   18|          32|           1|
    |icmp_ln1547_3_fu_1673_p2     |      icmp|   0|  0|   18|          32|           1|
    |icmp_ln1547_4_fu_1745_p2     |      icmp|   0|  0|   18|          32|           1|
    |icmp_ln1547_5_fu_1814_p2     |      icmp|   0|  0|   18|          32|           1|
    |icmp_ln1547_6_fu_1886_p2     |      icmp|   0|  0|   18|          32|           1|
    |icmp_ln1547_7_fu_1955_p2     |      icmp|   0|  0|   18|          32|           1|
    |icmp_ln1547_8_fu_2034_p2     |      icmp|   0|  0|   18|          32|           1|
    |icmp_ln1547_9_fu_2103_p2     |      icmp|   0|  0|   18|          32|           1|
    |icmp_ln1547_fu_1465_p2       |      icmp|   0|  0|   18|          32|           1|
    |icmp_ln580_1_fu_738_p2       |      icmp|   0|  0|   28|          63|           1|
    |icmp_ln580_2_fu_383_p2       |      icmp|   0|  0|   28|          63|           1|
    |icmp_ln580_3_fu_805_p2       |      icmp|   0|  0|   28|          63|           1|
    |icmp_ln580_fu_347_p2         |      icmp|   0|  0|   28|          63|           1|
    |icmp_ln590_1_fu_937_p2       |      icmp|   0|  0|   12|          12|           5|
    |icmp_ln590_2_fu_598_p2       |      icmp|   0|  0|   12|          12|           5|
    |icmp_ln590_3_fu_1063_p2      |      icmp|   0|  0|   12|          12|           5|
    |icmp_ln590_fu_473_p2         |      icmp|   0|  0|   12|          12|           5|
    |icmp_ln591_1_fu_963_p2       |      icmp|   0|  0|   12|          12|           5|
    |icmp_ln591_2_fu_624_p2       |      icmp|   0|  0|   12|          12|           5|
    |icmp_ln591_3_fu_1089_p2      |      icmp|   0|  0|   12|          12|           5|
    |icmp_ln591_fu_499_p2         |      icmp|   0|  0|   12|          12|           5|
    |icmp_ln594_1_fu_1205_p2      |      icmp|   0|  0|   12|          12|           6|
    |icmp_ln594_2_fu_634_p2       |      icmp|   0|  0|   12|          12|           6|
    |icmp_ln594_3_fu_1110_p2      |      icmp|   0|  0|   12|          12|           6|
    |icmp_ln594_fu_747_p2         |      icmp|   0|  0|   12|          12|           6|
    |icmp_ln59_1_fu_412_p2        |      icmp|   0|  0|   15|          23|           1|
    |icmp_ln59_fu_406_p2          |      icmp|   0|  0|   11|           8|           2|
    |icmp_ln612_1_fu_983_p2       |      icmp|   0|  0|   10|           7|           1|
    |icmp_ln612_2_fu_650_p2       |      icmp|   0|  0|   10|           7|           1|
    |icmp_ln612_3_fu_1126_p2      |      icmp|   0|  0|   10|           7|           1|
    |icmp_ln612_fu_519_p2         |      icmp|   0|  0|   10|           7|           1|
    |icmp_ln988_fu_2558_p2        |      icmp|   0|  0|   18|          32|           1|
    |icmp_ln999_fu_2624_p2        |      icmp|   0|  0|   17|          31|           1|
    |lshr_ln1000_fu_2638_p2       |      lshr|   0|  0|  100|           2|          32|
    |lshr_ln1011_fu_2716_p2       |      lshr|   0|  0|  182|          64|          64|
    |or_ln1002_1_fu_2649_p2       |        or|   0|  0|   32|          32|          32|
    |or_ln580_1_fu_1434_p2        |        or|   0|  0|    2|           1|           1|
    |or_ln580_fu_1142_p2          |        or|   0|  0|    2|           1|           1|
    |or_ln590_1_fu_1258_p2        |        or|   0|  0|    2|           1|           1|
    |or_ln590_2_fu_1182_p2        |        or|   0|  0|    2|           1|           1|
    |or_ln590_fu_764_p2           |        or|   0|  0|    2|           1|           1|
    |or_ln591_1_fu_1254_p2        |        or|   0|  0|    2|           1|           1|
    |or_ln591_2_fu_1158_p2        |        or|   0|  0|    2|           1|           1|
    |or_ln591_3_fu_1410_p2        |        or|   0|  0|    2|           1|           1|
    |or_ln591_fu_560_p2           |        or|   0|  0|    2|           1|           1|
    |or_ln594_1_fu_1414_p2        |        or|   0|  0|    2|           1|           1|
    |or_ln594_fu_1446_p2          |        or|   0|  0|    2|           1|           1|
    |or_ln59_fu_418_p2            |        or|   0|  0|    2|           1|           1|
    |current_x_V_13_fu_1490_p3    |    select|   0|  0|   32|           1|          32|
    |current_x_V_16_fu_1562_p3    |    select|   0|  0|   32|           1|          32|
    |current_x_V_19_fu_1629_p3    |    select|   0|  0|   32|           1|          32|
    |current_x_V_1_fu_1333_p3     |    select|   0|  0|   32|           1|           1|
    |current_x_V_22_fu_1703_p3    |    select|   0|  0|   32|           1|          32|
    |current_x_V_25_fu_1770_p3    |    select|   0|  0|   32|           1|          32|
    |current_x_V_28_fu_1844_p3    |    select|   0|  0|   32|           1|          32|
    |current_x_V_2_fu_1357_p3     |    select|   0|  0|   32|           1|          32|
    |current_x_V_31_fu_1911_p3    |    select|   0|  0|   32|           1|          32|
    |current_x_V_34_fu_1985_p3    |    select|   0|  0|   32|           1|          32|
    |current_x_V_37_fu_2059_p3    |    select|   0|  0|   32|           1|          32|
    |current_x_V_3_fu_1362_p3     |    select|   0|  0|   32|           1|          32|
    |current_x_V_40_fu_2133_p3    |    select|   0|  0|   32|           1|          32|
    |current_x_V_43_fu_2200_p3    |    select|   0|  0|   32|           1|          32|
    |current_x_V_46_fu_2274_p3    |    select|   0|  0|   32|           1|          32|
    |current_x_V_49_fu_2341_p3    |    select|   0|  0|   32|           1|          32|
    |current_x_V_4_fu_1368_p3     |    select|   0|  0|   32|           1|          32|
    |current_x_V_52_fu_2415_p3    |    select|   0|  0|   32|           1|          32|
    |current_x_V_55_fu_2482_p3    |    select|   0|  0|   32|           1|          32|
    |current_x_V_58_fu_2530_p3    |    select|   0|  0|   32|           1|          32|
    |current_x_V_59_fu_1404_p3    |    select|   0|  0|   32|           1|          32|
    |current_x_V_5_fu_1374_p3     |    select|   0|  0|   32|           1|          32|
    |current_x_V_6_fu_1380_p3     |    select|   0|  0|   32|           1|          32|
    |current_x_V_7_fu_1386_p3     |    select|   0|  0|   32|           1|          32|
    |current_x_V_8_fu_1392_p3     |    select|   0|  0|   32|           1|          32|
    |current_x_V_9_fu_1398_p3     |    select|   0|  0|   32|           1|          32|
    |current_x_V_fu_1023_p3       |    select|   0|  0|   32|           1|           1|
    |current_y_V_12_fu_1711_p3    |    select|   0|  0|   32|           1|          32|
    |current_y_V_15_fu_1778_p3    |    select|   0|  0|   32|           1|          32|
    |current_y_V_18_fu_1852_p3    |    select|   0|  0|   32|           1|          32|
    |current_y_V_21_fu_1919_p3    |    select|   0|  0|   32|           1|          32|
    |current_y_V_24_fu_1993_p3    |    select|   0|  0|   32|           1|          32|
    |current_y_V_27_fu_2067_p3    |    select|   0|  0|   32|           1|          32|
    |current_y_V_30_fu_2141_p3    |    select|   0|  0|   32|           1|          32|
    |current_y_V_33_fu_2208_p3    |    select|   0|  0|   32|           1|          32|
    |current_y_V_36_fu_2282_p3    |    select|   0|  0|   32|           1|          32|
    |current_y_V_39_fu_2349_p3    |    select|   0|  0|   32|           1|          32|
    |current_y_V_3_fu_1497_p3     |    select|   0|  0|   32|           1|          32|
    |current_y_V_42_fu_2423_p3    |    select|   0|  0|   32|           1|          32|
    |current_y_V_45_fu_2490_p3    |    select|   0|  0|   32|           1|          32|
    |current_y_V_46_fu_1351_p3    |    select|   0|  0|   32|           1|          32|
    |current_y_V_6_fu_1570_p3     |    select|   0|  0|   32|           1|          32|
    |current_y_V_9_fu_1637_p3     |    select|   0|  0|   32|           1|          32|
    |m_2_fu_2737_p3               |    select|   0|  0|   64|           1|          64|
    |man_V_11_fu_1050_p3          |    select|   0|  0|   54|           1|          54|
    |man_V_2_fu_449_p3            |    select|   0|  0|   54|           1|          54|
    |man_V_5_fu_924_p3            |    select|   0|  0|   54|           1|          54|
    |man_V_8_fu_585_p3            |    select|   0|  0|   54|           1|          54|
    |select_ln1011_fu_2696_p3     |    select|   0|  0|    2|           1|           1|
    |select_ln1547_12_fu_2844_p3  |    select|   0|  0|   32|           1|          30|
    |select_ln1547_15_fu_2851_p3  |    select|   0|  0|   32|           1|          30|
    |select_ln1547_18_fu_2858_p3  |    select|   0|  0|   32|           1|          30|
    |select_ln1547_21_fu_2865_p3  |    select|   0|  0|   32|           1|          30|
    |select_ln1547_24_fu_2872_p3  |    select|   0|  0|   32|           1|          30|
    |select_ln1547_27_fu_2879_p3  |    select|   0|  0|   32|           1|          30|
    |select_ln1547_30_fu_2886_p3  |    select|   0|  0|   32|           1|          30|
    |select_ln1547_33_fu_2893_p3  |    select|   0|  0|   32|           1|          30|
    |select_ln1547_36_fu_2900_p3  |    select|   0|  0|   32|           1|          30|
    |select_ln1547_39_fu_2907_p3  |    select|   0|  0|   32|           1|          30|
    |select_ln1547_3_fu_2551_p3   |    select|   0|  0|   32|           1|          30|
    |select_ln1547_6_fu_2819_p3   |    select|   0|  0|   32|           1|          30|
    |select_ln1547_9_fu_2826_p3   |    select|   0|  0|   32|           1|          30|
    |select_ln1547_fu_2021_p3     |    select|   0|  0|   32|           1|          30|
    |select_ln580_1_fu_1427_p3    |    select|   0|  0|   32|           1|          32|
    |select_ln580_2_fu_1438_p3    |    select|   0|  0|   32|           1|          32|
    |select_ln580_fu_1194_p3      |    select|   0|  0|   32|           1|           1|
    |select_ln590_1_fu_1263_p3    |    select|   0|  0|   32|           1|          32|
    |select_ln590_6_fu_1188_p3    |    select|   0|  0|   32|           1|          32|
    |select_ln590_fu_768_p3       |    select|   0|  0|   32|           1|          32|
    |select_ln591_1_fu_1247_p3    |    select|   0|  0|   32|           1|          32|
    |select_ln591_4_fu_882_p3     |    select|   0|  0|   32|           1|          32|
    |select_ln591_5_fu_1287_p3    |    select|   0|  0|   32|           1|          32|
    |select_ln591_6_fu_874_p3     |    select|   0|  0|    2|           1|           2|
    |select_ln591_fu_552_p3       |    select|   0|  0|   32|           1|          32|
    |select_ln594_1_fu_1326_p3    |    select|   0|  0|   32|           1|          32|
    |select_ln594_5_fu_888_p3     |    select|   0|  0|   32|           1|          32|
    |select_ln594_6_fu_896_p3     |    select|   0|  0|   32|           1|          32|
    |select_ln594_7_fu_1292_p3    |    select|   0|  0|   32|           1|          32|
    |select_ln594_8_fu_1419_p3    |    select|   0|  0|   32|           1|          30|
    |select_ln594_9_fu_1450_p3    |    select|   0|  0|   32|           1|          32|
    |select_ln594_fu_1016_p3      |    select|   0|  0|   32|           1|          32|
    |select_ln597_1_fu_1229_p3    |    select|   0|  0|    2|           1|           2|
    |select_ln597_2_fu_834_p3     |    select|   0|  0|    2|           1|           2|
    |select_ln597_fu_533_p3       |    select|   0|  0|    2|           1|           2|
    |select_ln612_1_fu_1215_p3    |    select|   0|  0|   32|           1|          32|
    |select_ln612_2_fu_1103_p3    |    select|   0|  0|   32|           1|          32|
    |select_ln612_3_fu_1344_p3    |    select|   0|  0|   32|           1|          32|
    |select_ln612_fu_757_p3       |    select|   0|  0|   32|           1|          32|
    |select_ln76_2_fu_1470_p3     |    select|   0|  0|   32|           1|          30|
    |select_ln76_3_fu_2914_p3     |    select|   0|  0|   32|           1|          30|
    |select_ln87_fu_2837_p3       |    select|   0|  0|   32|           1|           1|
    |select_ln996_fu_2774_p3      |    select|   0|  0|    7|           1|           7|
    |select_ln999_fu_2684_p3      |    select|   0|  0|    2|           1|           1|
    |sh_amt_1_fu_955_p3           |    select|   0|  0|   12|           1|          12|
    |sh_amt_2_fu_616_p3           |    select|   0|  0|   12|           1|          12|
    |sh_amt_3_fu_1081_p3          |    select|   0|  0|   12|           1|          12|
    |sh_amt_fu_491_p3             |    select|   0|  0|   12|           1|          12|
    |temp_theta_fu_1458_p3        |    select|   0|  0|   32|           1|          32|
    |tmp_V_2_fu_2563_p3           |    select|   0|  0|   32|           1|          32|
    |shl_ln1002_fu_2644_p2        |       shl|   0|  0|  100|           1|          32|
    |shl_ln1012_fu_2731_p2        |       shl|   0|  0|  182|          64|          64|
    |shl_ln613_1_fu_1210_p2       |       shl|   0|  0|  100|          32|          32|
    |shl_ln613_2_fu_1099_p2       |       shl|   0|  0|  100|          32|          32|
    |shl_ln613_3_fu_1340_p2       |       shl|   0|  0|  100|          32|          32|
    |shl_ln613_fu_752_p2          |       shl|   0|  0|  100|          32|          32|
    |xor_ln1002_fu_2673_p2        |       xor|   0|  0|    2|           1|           2|
    |xor_ln580_1_fu_1237_p2       |       xor|   0|  0|    2|           1|           2|
    |xor_ln580_2_fu_661_p2        |       xor|   0|  0|    2|           1|           2|
    |xor_ln580_3_fu_1146_p2       |       xor|   0|  0|    2|           1|           2|
    |xor_ln580_4_fu_863_p2        |       xor|   0|  0|    2|           2|           1|
    |xor_ln580_fu_541_p2          |       xor|   0|  0|    2|           1|           2|
    |xor_ln590_fu_696_p2          |       xor|   0|  0|    2|           1|           2|
    |xor_ln591_1_fu_1311_p2       |       xor|   0|  0|    2|           1|           2|
    |xor_ln591_2_fu_678_p2        |       xor|   0|  0|    2|           1|           2|
    |xor_ln591_3_fu_1164_p2       |       xor|   0|  0|    2|           1|           2|
    |xor_ln591_fu_1001_p2         |       xor|   0|  0|    2|           1|           2|
    |xor_ln594_fu_853_p2          |       xor|   0|  0|    2|           1|           2|
    |xor_ln59_fu_1132_p2          |       xor|   0|  0|    2|           2|           1|
    |xor_ln61_fu_306_p2           |       xor|   0|  0|   33|          32|          33|
    |xor_ln64_fu_456_p2           |       xor|   0|  0|   33|          32|          33|
    +-----------------------------+----------+----+---+-----+------------+------------+
    |Total                        |          |   0|  0| 8577|        4066|        6143|
    +-----------------------------+----------+----+---+-----+------------+------------+

    * Multiplexer: 
    +---------------+-----+-----------+-----+-----------+
    |      Name     | LUT | Input Size| Bits| Total Bits|
    +---------------+-----+-----------+-----+-----------+
    |ap_NS_fsm      |  453|         90|    1|         90|
    |grp_fu_272_p0  |   14|          3|   32|         96|
    |grp_fu_272_p1  |   81|         17|   32|        544|
    |grp_fu_279_p0  |   20|          4|   32|        128|
    |grp_fu_283_p0  |   14|          3|   32|         96|
    +---------------+-----+-----------+-----+-----------+
    |Total          |  582|        117|  129|        954|
    +---------------+-----+-----------+-----+-----------+

    * Register: 
    +---------------------------+----+----+-----+-----------+
    |            Name           | FF | LUT| Bits| Const Bits|
    +---------------------------+----+----+-----+-----------+
    |LD_4_reg_3684              |  32|   0|   32|          0|
    |and_ln580_2_reg_3252       |   1|   0|    1|          0|
    |and_ln580_reg_3082         |   1|   0|    1|          0|
    |and_ln590_1_reg_3103       |   1|   0|    1|          0|
    |and_ln590_reg_3096         |   1|   0|    1|          0|
    |and_ln591_2_reg_3089       |   1|   0|    1|          0|
    |and_ln591_4_reg_3259       |   1|   0|    1|          0|
    |and_ln594_4_reg_3173       |   1|   0|    1|          0|
    |and_ln594_5_reg_3178       |   1|   0|    1|          0|
    |and_ln594_7_reg_3266       |   1|   0|    1|          0|
    |and_ln59_reg_3001          |   1|   0|    1|          0|
    |ap_CS_fsm                  |  89|   0|   89|          0|
    |bitcast_ln61_reg_2938      |  32|   0|   32|          0|
    |current_x_V_16_reg_3360    |  32|   0|   32|          0|
    |current_x_V_1_reg_3315     |  32|   0|   32|          0|
    |current_x_V_22_reg_3393    |  32|   0|   32|          0|
    |current_x_V_28_reg_3426    |  32|   0|   32|          0|
    |current_x_V_34_reg_3459    |  32|   0|   32|          0|
    |current_x_V_40_reg_3497    |  32|   0|   32|          0|
    |current_x_V_46_reg_3530    |  32|   0|   32|          0|
    |current_x_V_52_reg_3563    |  32|   0|   32|          0|
    |current_x_V_58_reg_3596    |  32|   0|   32|          0|
    |current_x_V_59_reg_3332    |  32|   0|   32|          0|
    |current_x_V_reg_3222       |  32|   0|   32|          0|
    |current_y_V_12_reg_3399    |  32|   0|   32|          0|
    |current_y_V_18_reg_3432    |  32|   0|   32|          0|
    |current_y_V_24_reg_3465    |  32|   0|   32|          0|
    |current_y_V_30_reg_3503    |  32|   0|   32|          0|
    |current_y_V_36_reg_3536    |  32|   0|   32|          0|
    |current_y_V_42_reg_3569    |  32|   0|   32|          0|
    |current_y_V_46_reg_3324    |  32|   0|   32|          0|
    |current_y_V_6_reg_3366     |  32|   0|   32|          0|
    |exp_tmp_1_reg_3115         |  11|   0|   11|          0|
    |exp_tmp_2_reg_2985         |  11|   0|   11|          0|
    |exp_tmp_3_reg_3152         |  11|   0|   11|          0|
    |exp_tmp_reg_2963           |  11|   0|   11|          0|
    |icmp_ln1011_reg_3664       |   1|   0|    1|          0|
    |icmp_ln1547_10_reg_3520    |   1|   0|    1|          0|
    |icmp_ln1547_11_reg_3525    |   1|   0|    1|          0|
    |icmp_ln1547_12_reg_3553    |   1|   0|    1|          0|
    |icmp_ln1547_13_reg_3558    |   1|   0|    1|          0|
    |icmp_ln1547_14_reg_3586    |   1|   0|    1|          0|
    |icmp_ln1547_15_reg_3591    |   1|   0|    1|          0|
    |icmp_ln1547_1_reg_3355     |   1|   0|    1|          0|
    |icmp_ln1547_2_reg_3383     |   1|   0|    1|          0|
    |icmp_ln1547_3_reg_3388     |   1|   0|    1|          0|
    |icmp_ln1547_4_reg_3416     |   1|   0|    1|          0|
    |icmp_ln1547_5_reg_3421     |   1|   0|    1|          0|
    |icmp_ln1547_6_reg_3449     |   1|   0|    1|          0|
    |icmp_ln1547_7_reg_3454     |   1|   0|    1|          0|
    |icmp_ln1547_8_reg_3487     |   1|   0|    1|          0|
    |icmp_ln1547_9_reg_3492     |   1|   0|    1|          0|
    |icmp_ln1547_reg_3344       |   1|   0|    1|          0|
    |icmp_ln580_1_reg_3125      |   1|   0|    1|          0|
    |icmp_ln580_2_reg_2995      |   1|   0|    1|          0|
    |icmp_ln580_3_reg_3162      |   1|   0|    1|          0|
    |icmp_ln580_reg_2973        |   1|   0|    1|          0|
    |icmp_ln590_1_reg_3193      |   1|   0|    1|          0|
    |icmp_ln590_reg_3022        |   1|   0|    1|          0|
    |icmp_ln591_1_reg_3205      |   1|   0|    1|          0|
    |icmp_ln594_1_reg_3290      |   1|   0|    1|          0|
    |icmp_ln594_2_reg_3071      |   1|   0|    1|          0|
    |icmp_ln594_reg_3137        |   1|   0|    1|          0|
    |icmp_ln612_1_reg_3217      |   1|   0|    1|          0|
    |icmp_ln612_2_reg_3077      |   1|   0|    1|          0|
    |icmp_ln612_3_reg_3247      |   1|   0|    1|          0|
    |icmp_ln612_reg_3039        |   1|   0|    1|          0|
    |icmp_ln988_reg_3619        |   1|   0|    1|          0|
    |lsb_index_reg_3636         |  32|   0|   32|          0|
    |m_4_reg_3674               |  63|   0|   63|          0|
    |man_V_11_reg_3231          |  54|   0|   54|          0|
    |man_V_2_reg_3007           |  54|   0|   54|          0|
    |man_V_5_reg_3188           |  54|   0|   54|          0|
    |man_V_8_reg_3055           |  54|   0|   54|          0|
    |or_ln590_2_reg_3273        |   1|   0|    1|          0|
    |or_ln591_1_reg_3295        |   1|   0|    1|          0|
    |or_ln591_reg_3049          |   1|   0|    1|          0|
    |p_Result_10_reg_3603       |   1|   0|    1|          0|
    |p_Result_12_reg_3653       |   1|   0|    1|          0|
    |p_Result_2_reg_2958        |   1|   0|    1|          0|
    |p_Result_4_reg_3110        |   1|   0|    1|          0|
    |p_Result_6_reg_2980        |   1|   0|    1|          0|
    |p_Result_8_reg_3147        |   1|   0|    1|          0|
    |p_Result_s_reg_3679        |   1|   0|    1|          0|
    |p_op_reg_3709              |  64|   0|   64|          0|
    |r_V_12_reg_3439            |  26|   0|   26|          0|
    |r_V_13_reg_3444            |  26|   0|   26|          0|
    |r_V_16_reg_3472            |  24|   0|   24|          0|
    |r_V_17_reg_3477            |  24|   0|   24|          0|
    |r_V_20_reg_3510            |  22|   0|   22|          0|
    |r_V_21_reg_3515            |  22|   0|   22|          0|
    |r_V_24_reg_3543            |  20|   0|   20|          0|
    |r_V_25_reg_3548            |  20|   0|   20|          0|
    |r_V_28_reg_3576            |  18|   0|   18|          0|
    |r_V_29_reg_3581            |  18|   0|   18|          0|
    |r_V_4_reg_3373             |  30|   0|   30|          0|
    |r_V_5_reg_3378             |  30|   0|   30|          0|
    |r_V_8_reg_3406             |  28|   0|   28|          0|
    |r_V_9_reg_3411             |  28|   0|   28|          0|
    |reg_297                    |  32|   0|   32|          0|
    |select_ln1011_reg_3669     |   1|   0|    1|          0|
    |select_ln1547_12_reg_3719  |   1|   0|   32|         31|
    |select_ln1547_15_reg_3724  |   1|   0|   32|         31|
    |select_ln1547_18_reg_3729  |   1|   0|   32|         31|
    |select_ln1547_21_reg_3734  |   1|   0|   32|         31|
    |select_ln1547_24_reg_3739  |   1|   0|   32|         31|
    |select_ln1547_27_reg_3744  |   1|   0|   32|         31|
    |select_ln1547_30_reg_3749  |   1|   0|   32|         31|
    |select_ln1547_33_reg_3754  |   1|   0|   32|         31|
    |select_ln1547_36_reg_3759  |   1|   0|   32|         31|
    |select_ln1547_39_reg_3764  |   1|   0|   32|         31|
    |select_ln1547_3_reg_3614   |   1|   0|   32|         31|
    |select_ln1547_6_reg_3694   |   1|   0|   32|         31|
    |select_ln1547_9_reg_3704   |   1|   0|   32|         31|
    |select_ln1547_reg_3482     |   1|   0|   32|         31|
    |select_ln580_reg_3280      |  32|   0|   32|          0|
    |select_ln590_1_reg_3300    |  32|   0|   32|          0|
    |select_ln590_reg_3142      |  32|   0|   32|          0|
    |select_ln591_reg_3044      |  32|   0|   32|          0|
    |select_ln594_6_reg_3183    |  32|   0|   32|          0|
    |select_ln594_7_reg_3310    |  32|   0|   32|          0|
    |select_ln76_2_reg_3350     |   1|   0|   32|         31|
    |select_ln76_3_reg_3769     |   1|   0|   32|         31|
    |select_ln87_reg_3714       |  32|   0|   32|          0|
    |sext_ln590_1_reg_3285      |  32|   0|   32|          0|
    |sext_ln590_2_reg_3168      |  32|   0|   32|          0|
    |sext_ln590_3_reg_3305      |  32|   0|   32|          0|
    |sext_ln590_reg_3132        |  32|   0|   32|          0|
    |sh_amt_1_reg_3199          |  12|   0|   12|          0|
    |sh_amt_2_reg_3060          |  12|   0|   12|          0|
    |sh_amt_3_reg_3236          |  12|   0|   12|          0|
    |sh_amt_reg_3028            |  12|   0|   12|          0|
    |sub_ln997_reg_3630         |  32|   0|   32|          0|
    |temp_theta_reg_3339        |   1|   0|   32|         31|
    |tmp_18_reg_3643            |  31|   0|   31|          0|
    |tmp_6_reg_2953             |   1|   0|    1|          0|
    |tmp_V_2_reg_3624           |  32|   0|   32|          0|
    |tmp_V_reg_3609             |  32|   0|   32|          0|
    |tmp_reg_3699               |  64|   0|   64|          0|
    |trunc_ln1000_reg_3648      |   6|   0|    6|          0|
    |trunc_ln574_1_reg_3120     |  52|   0|   52|          0|
    |trunc_ln574_2_reg_2990     |  52|   0|   52|          0|
    |trunc_ln574_3_reg_3157     |  52|   0|   52|          0|
    |trunc_ln574_reg_2968       |  52|   0|   52|          0|
    |trunc_ln592_1_reg_3211     |  32|   0|   32|          0|
    |trunc_ln592_2_reg_3065     |  32|   0|   32|          0|
    |trunc_ln592_3_reg_3241     |  32|   0|   32|          0|
    |trunc_ln592_reg_3034       |  32|   0|   32|          0|
    |trunc_ln996_reg_3659       |   8|   0|    8|          0|
    |x_read_reg_2933            |  32|   0|   32|          0|
    |xor_ln61_reg_2943          |  32|   0|   32|          0|
    |xor_ln64_reg_3012          |  32|   0|   32|          0|
    |y_read_reg_2926            |  32|   0|   32|          0|
    +---------------------------+----+----+-----+-----------+
    |Total                      |2688|   0| 3215|        527|
    +---------------------------+----+----+-----+-----------+



================================================================
== Interface
================================================================
* Summary: 
+--------------------+-----+-----+------------+----------------+--------------+
|      RTL Ports     | Dir | Bits|  Protocol  |  Source Object |    C Type    |
+--------------------+-----+-----+------------+----------------+--------------+
|s_axi_CTRL_AWVALID  |   in|    1|       s_axi|            CTRL|       pointer|
|s_axi_CTRL_AWREADY  |  out|    1|       s_axi|            CTRL|       pointer|
|s_axi_CTRL_AWADDR   |   in|    6|       s_axi|            CTRL|       pointer|
|s_axi_CTRL_WVALID   |   in|    1|       s_axi|            CTRL|       pointer|
|s_axi_CTRL_WREADY   |  out|    1|       s_axi|            CTRL|       pointer|
|s_axi_CTRL_WDATA    |   in|   32|       s_axi|            CTRL|       pointer|
|s_axi_CTRL_WSTRB    |   in|    4|       s_axi|            CTRL|       pointer|
|s_axi_CTRL_ARVALID  |   in|    1|       s_axi|            CTRL|       pointer|
|s_axi_CTRL_ARREADY  |  out|    1|       s_axi|            CTRL|       pointer|
|s_axi_CTRL_ARADDR   |   in|    6|       s_axi|            CTRL|       pointer|
|s_axi_CTRL_RVALID   |  out|    1|       s_axi|            CTRL|       pointer|
|s_axi_CTRL_RREADY   |   in|    1|       s_axi|            CTRL|       pointer|
|s_axi_CTRL_RDATA    |  out|   32|       s_axi|            CTRL|       pointer|
|s_axi_CTRL_RRESP    |  out|    2|       s_axi|            CTRL|       pointer|
|s_axi_CTRL_BVALID   |  out|    1|       s_axi|            CTRL|       pointer|
|s_axi_CTRL_BREADY   |   in|    1|       s_axi|            CTRL|       pointer|
|s_axi_CTRL_BRESP    |  out|    2|       s_axi|            CTRL|       pointer|
|ap_clk              |   in|    1|  ap_ctrl_hs|  cordiccart2pol|  return value|
|ap_rst_n            |   in|    1|  ap_ctrl_hs|  cordiccart2pol|  return value|
|interrupt           |  out|    1|  ap_ctrl_hs|  cordiccart2pol|  return value|
+--------------------+-----+-----+------------+----------------+--------------+

